[0] = {
  "Message": "   Compiling tera v1.17.1"
}
