[0] = {
  "Type": "ed84fd5a-4ee1-4489-9ddd-1dd46ff97f19",
  "Name": "BuildConfiguration",
  "Value": null,
  "Target": null,
  "Context": "dev"
}
[1] = {
  "Type": "ed84fd5a-4ee1-4489-9ddd-1dd46ff97f19",
  "Name": "BuildConfiguration",
  "Value": null,
  "Target": null,
  "Context": "release"
}
[2] = {
  "Type": "ed84fd5a-4ee1-4489-9ddd-1dd46ff97f19",
  "Name": "BuildConfiguration",
  "Value": null,
  "Target": null,
  "Context": "test"
}
[3] = {
  "Type": "ed84fd5a-4ee1-4489-9ddd-1dd46ff97f19",
  "Name": "BuildConfiguration",
  "Value": null,
  "Target": null,
  "Context": "bench"
}
