[0] = {"ProviderType":"72d3fcef-0000-4266-b8dd-d3ed06e35a2b","ContextType":"1b8311d1-09ce-4d9f-a2a5-c885f5763a4a","Context":{"BuildConfiguration":"dev","FilePath":"<TestRoot>\\workspace_with_example\\lib\\cargo.toml","AdditionalBuildArgs":"--example eg2"},"InputFiles":["<TestRoot>\\workspace_with_example\\lib\\examples\\eg2\\main.rs"],"DisplayName":"dev"}
[1] = {"ProviderType":"72d3fcef-0000-4266-b8dd-d3ed06e35a2b","ContextType":"1b8311d1-09ce-4d9f-a2a5-c885f5763a4a","Context":{"BuildConfiguration":"release","FilePath":"<TestRoot>\\workspace_with_example\\lib\\cargo.toml","AdditionalBuildArgs":"--example eg2"},"InputFiles":["<TestRoot>\\workspace_with_example\\lib\\examples\\eg2\\main.rs"],"DisplayName":"release"}
[2] = {"ProviderType":"72d3fcef-0000-4266-b8dd-d3ed06e35a2b","ContextType":"1b8311d1-09ce-4d9f-a2a5-c885f5763a4a","Context":{"BuildConfiguration":"test","FilePath":"<TestRoot>\\workspace_with_example\\lib\\cargo.toml","AdditionalBuildArgs":"--example eg2"},"InputFiles":["<TestRoot>\\workspace_with_example\\lib\\examples\\eg2\\main.rs"],"DisplayName":"test"}
[3] = {"ProviderType":"72d3fcef-0000-4266-b8dd-d3ed06e35a2b","ContextType":"1b8311d1-09ce-4d9f-a2a5-c885f5763a4a","Context":{"BuildConfiguration":"bench","FilePath":"<TestRoot>\\workspace_with_example\\lib\\cargo.toml","AdditionalBuildArgs":"--example eg2"},"InputFiles":["<TestRoot>\\workspace_with_example\\lib\\examples\\eg2\\main.rs"],"DisplayName":"bench"}
