[0] = { WorkspacePath = target\debug\hello_lib.lib, Target = <TestRoot>\hello_library\target\debug\hello_lib.lib, Context = dev, ReferenceType = 2 }
[1] = { WorkspacePath = target\release\hello_lib.lib, Target = <TestRoot>\hello_library\target\release\hello_lib.lib, Context = release, ReferenceType = 2 }
[2] = { WorkspacePath = target\debug\hello_lib.lib, Target = <TestRoot>\hello_library\target\debug\hello_lib.lib, Context = test, ReferenceType = 2 }
[3] = { WorkspacePath = target\release\hello_lib.lib, Target = <TestRoot>\hello_library\target\release\hello_lib.lib, Context = bench, ReferenceType = 2 }
