[0] = {
  "Type": "55b77c41-9751-433c-9d5f-5e815f152562",
  "Name": "IsDefaultStartupProject",
  "Value": {
    "name": "[bin: main\\] main.exe",
    "debugType": "native",
    "project": "<TestRoot>\\hello_workspace\\main\\Cargo.toml",
    "projectTarget": "[bin: main\\] main.exe",
    "program": "<TestRoot>\\hello_workspace\\main\\Cargo.toml"
  },
  "Target": null,
  "Context": null
}
[1] = {
  "Type": "ed84fd5a-4ee1-4489-9ddd-1dd46ff97f19",
  "Name": "BuildConfiguration",
  "Value": null,
  "Target": "<TestRoot>\\hello_workspace\\target\\debug\\main.exe",
  "Context": "dev"
}
[2] = {
  "Type": "ed84fd5a-4ee1-4489-9ddd-1dd46ff97f19",
  "Name": "BuildConfiguration",
  "Value": null,
  "Target": "<TestRoot>\\hello_workspace\\target\\release\\main.exe",
  "Context": "release"
}
[3] = {
  "Type": "ed84fd5a-4ee1-4489-9ddd-1dd46ff97f19",
  "Name": "BuildConfiguration",
  "Value": null,
  "Target": "<TestRoot>\\hello_workspace\\target\\debug\\main.exe",
  "Context": "test"
}
[4] = {
  "Type": "ed84fd5a-4ee1-4489-9ddd-1dd46ff97f19",
  "Name": "BuildConfiguration",
  "Value": null,
  "Target": "<TestRoot>\\hello_workspace\\target\\release\\main.exe",
  "Context": "bench"
}
[5] = {
  "Type": "ed84fd5a-4ee1-4489-9ddd-1dd46ff97f19",
  "Name": "BuildConfiguration",
  "Value": null,
  "Target": null,
  "Context": "dev"
}
[6] = {
  "Type": "ed84fd5a-4ee1-4489-9ddd-1dd46ff97f19",
  "Name": "BuildConfiguration",
  "Value": null,
  "Target": null,
  "Context": "release"
}
[7] = {
  "Type": "ed84fd5a-4ee1-4489-9ddd-1dd46ff97f19",
  "Name": "BuildConfiguration",
  "Value": null,
  "Target": null,
  "Context": "test"
}
[8] = {
  "Type": "ed84fd5a-4ee1-4489-9ddd-1dd46ff97f19",
  "Name": "BuildConfiguration",
  "Value": null,
  "Target": null,
  "Context": "bench"
}
