[0] = {
  "Code": "RS0000",
  "ProjectFile": "D:\\src\\dpt\\pls\\test_app\\Cargo.toml",
  "Type": 2,
  "LogMessage": "d:\\src\\dpt\\pls\\test_app\\test_app\\src\\main.rs(26,23): Error RS0000: expected one of `!`, `,`, `.`, `::`, `?`, `{`, `}`, or an operator, found `redConsoleLogger`\r\nDetails:\r\nerror: expected one of `!`, `,`, `.`, `::`, `?`, `{`, `}`, or an operator, found `redConsoleLogger`\n  --> test_app\\src\\main.rs:26:23\n   |\n21 |     let pls_host = PlsHost {\n   |                    ------- while parsing this struct\n...\n26 |         logger: &Colo redConsoleLogger {},\n   |                      -^^^^^^^^^^^^^^^^ expected one of 8 possible tokens\n   |                      |\n   |                      help: try adding a comma: `,`\n\n",
  "TaskText": "expected one of `!`, `,`, `.`, `::`, `?`, `{`, `}`, or an operator, found `redConsoleLogger`",
  "File": "d:\\src\\dpt\\pls\\test_app\\test_app\\src\\main.rs",
  "LineNumber": 26,
  "ColumnNumber": 23,
  "SubCategory": null,
  "HelpKeyword": "RS0000"
}
[1] = {
  "Code": "RS0000",
  "ProjectFile": "D:\\src\\dpt\\pls\\test_app\\Cargo.toml",
  "Type": 2,
  "LogMessage": "d:\\src\\dpt\\pls\\test_app\\test_app\\src\\main.rs(21,20): Error RS0000: expected one of `!`, `,`, `.`, `::`, `?`, `{`, `}`, or an operator, found `redConsoleLogger`\r\nDetails:\r\nerror: expected one of `!`, `,`, `.`, `::`, `?`, `{`, `}`, or an operator, found `redConsoleLogger`\n  --> test_app\\src\\main.rs:26:23\n   |\n21 |     let pls_host = PlsHost {\n   |                    ------- while parsing this struct\n...\n26 |         logger: &Colo redConsoleLogger {},\n   |                      -^^^^^^^^^^^^^^^^ expected one of 8 possible tokens\n   |                      |\n   |                      help: try adding a comma: `,`\n\n",
  "TaskText": "expected one of `!`, `,`, `.`, `::`, `?`, `{`, `}`, or an operator, found `redConsoleLogger`",
  "File": "d:\\src\\dpt\\pls\\test_app\\test_app\\src\\main.rs",
  "LineNumber": 21,
  "ColumnNumber": 20,
  "SubCategory": null,
  "HelpKeyword": "RS0000"
}
