[0] = {
  "Name": "hello_world",
  "IsRunnable": true,
  "TargetFileName": "hello_world.exe",
  "QualifiedTargetFileName": "[bin: \\] hello_world.exe",
  "Source": "<TestRoot>\\bin_with_example\\cargo.toml",
  "Type": "Bin",
  "Manifest": "<TestRoot>\\bin_with_example\\cargo.toml",
  "Path": "testdata\\bin_with_example\\target\\debug\\hello_world.exe",
  "AdditionalBuildArgs": ""
}
[1] = {
  "Name": "eg1",
  "IsRunnable": true,
  "TargetFileName": "eg1.exe",
  "QualifiedTargetFileName": "[example: \\] eg1.exe",
  "Source": "<TestRoot>\\bin_with_example\\examples\\eg1.rs",
  "Type": "Example",
  "Manifest": "<TestRoot>\\bin_with_example\\cargo.toml",
  "Path": "testdata\\bin_with_example\\target\\debug\\examples\\eg1.exe",
  "AdditionalBuildArgs": "--example \"eg1\""
}
[2] = {
  "Name": "eg2",
  "IsRunnable": true,
  "TargetFileName": "eg2.exe",
  "QualifiedTargetFileName": "[example: \\] eg2.exe",
  "Source": "<TestRoot>\\bin_with_example\\examples\\eg2\\main.rs",
  "Type": "Example",
  "Manifest": "<TestRoot>\\bin_with_example\\cargo.toml",
  "Path": "testdata\\bin_with_example\\target\\debug\\examples\\eg2.exe",
  "AdditionalBuildArgs": "--example \"eg2\""
}
