[0] = {
  "Name": "lib_with_example",
  "IsRunnable": false,
  "TargetFileName": "liblib_with_example.rlib",
  "QualifiedTargetFileName": "[lib: \\] liblib_with_example.rlib",
  "Source": "<TestRoot>\\lib_with_example\\cargo.toml",
  "Type": "Lib",
  "Manifest": "<TestRoot>\\lib_with_example\\cargo.toml",
  "Path": "testdata\\lib_with_example\\target\\debug\\liblib_with_example.rlib",
  "AdditionalBuildArgs": ""
}
[1] = {
  "Name": "eg1",
  "IsRunnable": true,
  "TargetFileName": "eg1.exe",
  "QualifiedTargetFileName": "[example: \\] eg1.exe",
  "Source": "<TestRoot>\\lib_with_example\\examples\\eg1.rs",
  "Type": "Example",
  "Manifest": "<TestRoot>\\lib_with_example\\cargo.toml",
  "Path": "testdata\\lib_with_example\\target\\debug\\examples\\eg1.exe",
  "AdditionalBuildArgs": "--example \"eg1\""
}
[2] = {
  "Name": "eg2",
  "IsRunnable": true,
  "TargetFileName": "eg2.exe",
  "QualifiedTargetFileName": "[example: \\] eg2.exe",
  "Source": "<TestRoot>\\lib_with_example\\examples\\eg2\\main.rs",
  "Type": "Example",
  "Manifest": "<TestRoot>\\lib_with_example\\cargo.toml",
  "Path": "testdata\\lib_with_example\\target\\debug\\examples\\eg2.exe",
  "AdditionalBuildArgs": "--example \"eg2\""
}
