[0] = {
  "Name": "example1",
  "IsRunnable": true,
  "TargetFileName": "example1.exe",
  "QualifiedTargetFileName": "[example: shared\\] example1.exe",
  "Type": "Example",
  "Manifest": "<TestRoot>\\workspace_mixed\\shared\\cargo.toml",
  "Path": "testdata\\workspace_mixed\\target\\debug\\example1.exe"
}
[1] = {
  "Name": "bench1",
  "IsRunnable": true,
  "TargetFileName": "bench1.exe",
  "QualifiedTargetFileName": "[bench: shared\\] bench1.exe",
  "Type": "Bench",
  "Manifest": "<TestRoot>\\workspace_mixed\\shared\\cargo.toml",
  "Path": "testdata\\workspace_mixed\\target\\debug\\bench1.exe"
}
[2] = {
  "Name": "bench2",
  "IsRunnable": true,
  "TargetFileName": "bench2.exe",
  "QualifiedTargetFileName": "[bench: shared\\] bench2.exe",
  "Type": "Bench",
  "Manifest": "<TestRoot>\\workspace_mixed\\shared\\cargo.toml",
  "Path": "testdata\\workspace_mixed\\target\\debug\\bench2.exe"
}
