[0] = {
  "Name": "shared",
  "IsRunnable": false,
  "TargetFileName": "libshared.rlib",
  "QualifiedTargetFileName": "[lib: shared\\] libshared.rlib",
  "Source": "<TestRoot>\\workspace_mixed\\shared\\src\\lib.rs",
  "Type": "Lib",
  "Manifest": "<TestRoot>\\workspace_mixed\\shared\\cargo.toml",
  "Path": "testdata\\workspace_mixed\\target\\debug\\libshared.rlib",
  "AdditionalBuildArgs": ""
}
[1] = {
  "Name": "example1",
  "IsRunnable": true,
  "TargetFileName": "example1.exe",
  "QualifiedTargetFileName": "[example: shared\\] example1.exe",
  "Source": "<TestRoot>\\workspace_mixed\\shared\\src\\lib.rs",
  "Type": "Example",
  "Manifest": "<TestRoot>\\workspace_mixed\\shared\\cargo.toml",
  "Path": "testdata\\workspace_mixed\\target\\debug\\examples\\example1.exe",
  "AdditionalBuildArgs": "--example \"example1\""
}
[2] = {
  "Name": "bench1",
  "IsRunnable": true,
  "TargetFileName": "bench1.exe",
  "QualifiedTargetFileName": "[benchmark: shared\\] bench1.exe",
  "Source": "<TestRoot>\\workspace_mixed\\shared\\src\\lib.rs",
  "Type": "BenchMark",
  "Manifest": "<TestRoot>\\workspace_mixed\\shared\\cargo.toml",
  "Path": "testdata\\workspace_mixed\\target\\debug\\bench1.exe",
  "AdditionalBuildArgs": ""
}
[3] = {
  "Name": "bench2",
  "IsRunnable": true,
  "TargetFileName": "bench2.exe",
  "QualifiedTargetFileName": "[benchmark: shared\\] bench2.exe",
  "Source": "<TestRoot>\\workspace_mixed\\shared\\src\\lib.rs",
  "Type": "BenchMark",
  "Manifest": "<TestRoot>\\workspace_mixed\\shared\\cargo.toml",
  "Path": "testdata\\workspace_mixed\\target\\debug\\bench2.exe",
  "AdditionalBuildArgs": ""
}
