[0] = {
  "Name": "hello_world",
  "IsRunnable": true,
  "TargetFileName": "hello_world.exe",
  "QualifiedTargetFileName": "[bin: \\] hello_world.exe",
  "Source": "<TestRoot>\\hello_world\\cargo.toml",
  "Type": "Bin",
  "Manifest": "<TestRoot>\\hello_world\\cargo.toml",
  "Path": "testdata\\hello_world\\target\\debug\\hello_world.exe",
  "AdditionalBuildArgs": ""
}
