[0] = {
  "Name": "shared",
  "IsRunnable": false,
  "TargetFileName": "shared.lib",
  "QualifiedTargetFileName": "[lib: shared\\] shared.lib",
  "Type": "Lib",
  "Manifest": "<TestRoot>\\hello_workspace2\\shared\\cargo.toml",
  "Path": "testdata\\hello_workspace2\\target\\debug\\shared.lib"
}
