[0] = {
  "Name": "main",
  "IsRunnable": true,
  "TargetFileName": "main.exe",
  "QualifiedTargetFileName": "[bin: \\] main.exe",
  "Type": "Bin",
  "Manifest": "<TestRoot>\\hello_workspace2\\cargo.toml",
  "Path": "testdata\\hello_workspace2\\target\\debug\\main.exe"
}
