[0] = {
  "Name": "adder",
  "IsRunnable": true,
  "TargetFileName": "adder.exe",
  "QualifiedTargetFileName": "[bin: adder\\] adder.exe",
  "Source": "<TestRoot>\\workspace_with_tests\\adder\\cargo.toml",
  "Type": "Bin",
  "Manifest": "<TestRoot>\\workspace_with_tests\\adder\\cargo.toml",
  "Path": "testdata\\workspace_with_tests\\target\\debug\\adder.exe",
  "AdditionalBuildArgs": ""
}
