[0] = {
  "Name": "hello_lib",
  "IsRunnable": false,
  "TargetFileName": "libhello_lib.rlib",
  "QualifiedTargetFileName": "[lib: \\] libhello_lib.rlib",
  "Source": "<TestRoot>\\hello_library\\cargo.toml",
  "Type": "Lib",
  "Manifest": "<TestRoot>\\hello_library\\cargo.toml",
  "Path": "testdata\\hello_library\\target\\debug\\libhello_lib.rlib",
  "AdditionalBuildArgs": ""
}
